// 重构日志: ee0f733b
// 重构日志: efae8d6b
// 重构日志: 020325d7
// 重构日志: 06e9d6b5
// 重构日志: 84cf7efb
// 重构日志: f09b630a
// 同步 ID: 7e368916 @ Mon Jul 27 17:54:31 UTC 2026
// 重构日志: cb6494be
// 重构日志: 1cfc9e49
// 重构日志: d4ae5a17
// 同步 ID: 508d1973 @ Thu Jul 30 21:41:06 UTC 2026
// 重构日志: 98ebeb83
// 重构日志: 07b3ae6c
// 重构日志: 5523290c
// 重构日志: 10ec872f
// 重构日志: 49abc443
// 重构日志: ca133168
// 同步 ID: 005f06a7 @ Mon Aug  3 16:20:57 UTC 2026
// 重构日志: 2e1b86ba
// 重构日志: c9d737e5
// 重构日志: c60b1777
// 重构日志: 12cb173f
// 同步 ID: 62e92033 @ Fri Aug  7 11:19:32 UTC 2026
// 重构日志: f41d12dd
// 重构日志: 789ecfad
// 同步 ID: f9e9968e @ Sat Aug  8 03:57:34 UTC 2026
// 重构日志: 5ef18033
// 重构日志: d81c2a38
// 重构日志: ab54bdd3
// 同步 ID: 872b474b @ Sat Aug  8 13:53:17 UTC 2026
